Apps                                :
Applications                        :

Hamradio                            : Amateur Radio

Databases                           : Data Management
Database                            : Data Management

Educational                         : Education

Emulators                           : Emulators
Graphics                            : Graphics

Comm                                : Network/Communication
Mail                                : Network/Communication

Development                         : Programming
Devel                               : Programming
Libdevel                            : Programming
Libs                                : Programming
Programming                         : Programming
Programming/OCaml                   : Programming/OCaml
Contrib/Libs                        : Programming
Non-Free/Devel                      : Programming
Python                              : Programming/Python
Lisp                                : Programming/Lisp

Electronics                         : Science/Electronics
Technical                           : Science/Electronics
Math                                : Science/Mathematics

Shells                              : Shells

Audio                               : Sound
Music                               : Sound
Sound                               : Sound

Admin                               : System/Administration
Security                            : System/Security

Xshells                             : Terminal Emulators

Text                                : Text

Web                                 : Web Development
Web Development/W3c                 : Web Development/W3


Games/Arcade                        : Games/Action
Games/Tetris-Like                   : Games/Blocks

Docs                                : Help
Doc                                 : Help
Manpages                            : Help
Book                                : Help/Books
Faq                                 : Help/FAQ
Howto                               : Help/HOWTO
Rfc                                 : Help/RFC
Standards                           : Help/Standards

Screen/Lock                         : Screen/Locking
Screen/Save                         : Screen/Saving
System/Admin                        : System/Administration
System/Language-Environment         : System/Language Environment

Windowmanagers                      : Window Managers
Windowmanager                       : Window Managers
X11/Window Managers                 : Window Managers

### Self-mappings to get correct case of characters in section names
Help/FAQ                            : Help/FAQ
Help/RFC                            : Help/RFC
Help/HOWTO                          : Help/HOWTO
TV and Radio                        : TV and Radio

### Invalid sections (not defined in menu section hierarchy)

Net                                 : Network
Science                             : Science
Misc                                : Miscellaneous
Tex                                 : Typesetting
Tools                               : Tools
Utils                               : Utilities
Gnome                               : X11/Gnome
