Office                          : Applications
Education                       : Applications|Education
Network                         : Applications|Internet
Network/Communication           : Applications|Internet
Network/File Transfer           : Applications|Internet
Network/Monitoring              : Applications|Internet
Network/Web Browsing            : Applications|Internet
Network/Web News                : Applications|Internet
Graphics                        : Applications|Multimedia|Graphics
TV and Radio                    : Applications|Multimedia|Graphics|Viewing
Video                           : Applications|Multimedia|Graphics|Viewing
Viewers                         : Applications|Multimedia|Graphics|Viewing
Sound                           : Applications|Multimedia|Sound
Accessibility                   : Applications|Other
Amateur Radio                   : Applications|Other
Emulators                       : Applications|Other
File Management                 : Applications|Other
Games/Action                    : Applications|Other
Games/Adventure                 : Applications|Other
Games/Blocks                    : Applications|Other
Games/Board                     : Applications|Other
Games/Card                      : Applications|Other
Games/Puzzles                   : Applications|Other
Games/Simulation                : Applications|Other
Games/Strategy                  : Applications|Other
Games/Tools                     : Applications|Other
Games/Toys                      : Applications|Other
Help                            : Applications|Other
Help/Books                      : Applications|Other
Help/FAQ                        : Applications|Other
Help/HOWTO                      : Applications|Other
Help/RFC                        : Applications|Other
Help/Standards                  : Applications|Other
Mobile Devices                  : Applications|Other
Project Management              : Applications|Other
Screen                          : Applications|Other
Screen/Locking                  : Applications|Other
Screen/Saving                   : Applications|Other
Shells                          : Applications|Other
Science                         : Applications|Scientific
Science/Astronomy               : Applications|Scientific
Science/Biology                 : Applications|Scientific
Science/Chemistry               : Applications|Scientific
Science/Data Analysis           : Applications|Scientific
Science/Electronics             : Applications|Scientific
Science/Engineering             : Applications|Scientific
Science/Geoscience              : Applications|Scientific
Science/Medicine                : Applications|Scientific
Science/Physics                 : Applications|Scientific
Science/Social                  : Applications|Scientific
Science/Mathematics             : Applications|Scientific|Math
Editors                         : Applications|Text Editors
Terminal Emulators              : Applications|Utilities
Tools                           : Applications|Utilities
Window Managers                 : Applications|Utilities
Text                            : Applications|Utilities|Text Utilities
Debian                          : General|Linux|Debian
Programming                     : Development
Programming/C                   : Development
Programming/C++                 : Development
Programming/Java                : Development
Programming/OCaml               : Development
Programming/Perl                : Development
Programming/Python              : Development
Programming/Ruby                : Development
Web Development                 : Development
Data Management                 : Development
System/Administration           : System
System/Hardware                 : System
System/Language Environment     : System
System/Monitoring               : System
System/Package Management       : System
System/Security                 : System
System                          : System|Other
